Name:             cercan-gpu-0
Namespace:        yn-gpu-workload
Selector:         batch.kubernetes.io/controller-uid=9defc8a7-6c10-43ce-b8e2-b549c1510060
Labels:           k8s-user=cercan
Annotations:      <none>
Parallelism:      1
Completions:      1
Completion Mode:  NonIndexed
Start Time:       Mon, 12 May 2025 19:37:37 -0500
Pods Statuses:    1 Active (0 Ready) / 0 Succeeded / 0 Failed
Pod Template:
  Labels:  batch.kubernetes.io/controller-uid=9defc8a7-6c10-43ce-b8e2-b549c1510060
           batch.kubernetes.io/job-name=cercan-gpu-0
           controller-uid=9defc8a7-6c10-43ce-b8e2-b549c1510060
           job-name=cercan-gpu-0
           k8s-user=cercan
           runai/queue=cercan-yn-gpu-workload-queue
  Containers:
   main:
    Image:      hpcharbor.mdanderson.edu/cercan/segformer:latest
    Port:       <none>
    Host Port:  <none>
    Command:
      bash
      /rsrch5/home/trans_mol_path/cercan/BE_master/2.intermediate/2.3.segmentation/finetuner/code/finetune.sh
    Args:
      0
    Limits:
      cpu:             24
      nvidia.com/gpu:  1
    Requests:
      cpu:             24
      nvidia.com/gpu:  1
    Environment:       <none>
    Mounts:
      /rsrch5/home/trans_mol_path/cercan from home (rw)
  Volumes:
   home:
    Type:       PersistentVolumeClaim (a reference to a PersistentVolumeClaim in the same namespace)
    ClaimName:  cercan-gpu-home
    ReadOnly:   false
Events:         <none>
